Microchip MPLAB XC8 Compiler V2.41

Linker command line:

-W-3 \
  --edf=C:\Program Files\Microchip\xc8\v2.41\pic\dat\20230208172133_en.msgs \
  -cn -h+dist/default/production\I2C_LCD.X.production.sym \
  --cmf=dist/default/production\I2C_LCD.X.production.cmf -z -Q16F877A \
  -oC:\Users\thinh\AppData\Local\Temp\xcAs8tc.\driver_tmp_3.o \
  --defsym=__MPLAB_BUILD=1 --fixupoverflow=error \
  -Mdist/default/production/I2C_LCD.X.production.map \
  --md=C:\Users\thinh\AppData\Local\Temp\xcAs8tc.\driver_tmp_0.dat -E1 \
  -ver=XC8 Compiler --acfsm=1493 -ACODE=00h-07FFhx4 -ASTRCODE=00h-01FFFh \
  -ASTRING=00h-0FFhx32 -ACONST=00h-0FFhx32 -AENTRY=00h-0FFhx32 \
  -ACOMMON=070h-07Fh -ABANK0=020h-06Fh -ABANK1=0A0h-0EFh \
  -ABANK2=0110h-016Fh -ABANK3=0190h-01EFh \
  -ARAM=020h-06Fh,0A0h-0EFh,0110h-016Fh,0190h-01EFh \
  -AABS1=020h-07Fh,0A0h-0EFh,0110h-016Fh,0190h-01EFh -ASFR0=00h-01Fh \
  -ASFR1=080h-09Fh -ASFR2=0100h-010Fh -ASFR3=0180h-018Fh \
  -ACONFIG=02007h-02007h -DCONFIG=2 -AIDLOC=02000h-02003h -DIDLOC=2 \
  -AEEDATA=00h-0FFh/02100h -peeprom_data=EEDATA -DEEDATA=2 -DCODE=2 \
  -DSTRCODE=2 -DSTRING=2 -DCONST=2 -DENTRY=2 \
  -preset_vec=00h,intentry,init,end_init -ppowerup=CODE -pcinit=CODE \
  -pfunctab=ENTRY -k \
  C:\Users\thinh\AppData\Local\Temp\xcAs8tc.\driver_tmp_12.o \
  dist/default/production\I2C_LCD.X.production.o 

Object code version is 3.11

Machine type is 16F877A



                Name                               Link     Load   Length Selector   Space Scale
C:\Users\thinh\AppData\Local\Temp\xcAs8tc.\driver_tmp_12.o
                end_init                              0        0        3        0       0
                config                             2007     2007        1        0       4
                idloc                              2000     2000        4        0       5
dist/default/production\I2C_LCD.X.production.o
                cinit                               7E8      7E8       18      FD0       0
                config                             2007     2007        1        0       4
                idloc                              2000     2000        4        0       5
                text13                              604      604        D      C08       0
                text12                              5F2      5F2        9      BE4       0
                text11                              5FB      5FB        9      BF6       0
                text10                              61E      61E       10      C3C       0
                text9                               67C      67C       1D      CF8       0
                text8                               62E      62E       19      C5C       0
                text7                               647      647       1A      C8E       0
                text6                               74C      74C       9C      E98       0
                text5                               6CD      6CD       36      D9A       0
                text4                               661      661       1B      CC2       0
                text3                               611      611        D      C22       0
                text2                               703      703       49      E06       0
                text1                               5EB      5EB        7      BD6       0
                maintext                            699      699       34      D32       0
                cstackCOMMON                         70       70        A       70       1
                dataBANK0                            21       21        1       20       1
                dataCOMMON                           7C       7C        2       70       1
                bssCOMMON                            7A       7A        2       70       1
                nvBANK0                              20       20        1       20       1
                idataBANK0                          5E8      5E8        1      BD0       0
                idataCOMMON                         5E9      5E9        2      BD2       0

TOTAL           Name                               Link     Load   Length     Space
        CLASS   CODE           
                end_init                              0        0        3         0
                cinit                               7E8      7E8       18         0
                text13                              604      604        D         0
                text12                              5F2      5F2        9         0
                text11                              5FB      5FB        9         0
                text10                              61E      61E       10         0
                text9                               67C      67C       1D         0
                text8                               62E      62E       19         0
                text7                               647      647       1A         0
                text6                               74C      74C       9C         0
                text5                               6CD      6CD       36         0
                text4                               661      661       1B         0
                text3                               611      611        D         0
                text2                               703      703       49         0
                text1                               5EB      5EB        7         0
                maintext                            699      699       34         0
                idataBANK0                          5E8      5E8        1         0
                idataCOMMON                         5E9      5E9        2         0

        CLASS   STRCODE        

        CLASS   STRING         

        CLASS   CONST          

        CLASS   ENTRY          

        CLASS   COMMON         
                cstackCOMMON                         70       70        A         1
                dataCOMMON                           7C       7C        2         1
                bssCOMMON                            7A       7A        2         1

        CLASS   BANK0          
                dataBANK0                            21       21        1         1
                nvBANK0                              20       20        1         1

        CLASS   BANK1          

        CLASS   BANK2          

        CLASS   BANK3          

        CLASS   RAM            

        CLASS   ABS1           
                abs_s1                               7E       7E        2         1

        CLASS   SFR0           

        CLASS   SFR1           

        CLASS   SFR2           

        CLASS   SFR3           

        CLASS   CONFIG         
                config                             2007     2007        1         4

        CLASS   IDLOC          
                idloc                              2000     2000        4         5

        CLASS   EEDATA         

        CLASS   STACK          



SEGMENTS        Name                           Load    Length   Top    Selector   Space  Class     Delta

                reset_vec                      000000  000003  000003         0       0  CODE        2
                nvBANK0                        000020  000002  000022        20       1  BANK0       1
                cstackCOMMON                   000070  00000E  00007E        70       1  COMMON      1
                idataBANK0                     0005E8  000001  0005E9       BD0       0  CODE        2
                idataCOMMON                    0005E9  000002  0005EB       BD2       0  CODE        2
                text1                          0005EB  000007  0005F2       BD6       0  CODE        2
                text12                         0005F2  000009  0005FB       BE4       0  CODE        2
                text11                         0005FB  000009  000604       BF6       0  CODE        2
                text13                         000604  00000D  000611       C08       0  CODE        2
                text3                          000611  00000D  00061E       C22       0  CODE        2
                text10                         00061E  000010  00062E       C3C       0  CODE        2
                text8                          00062E  000019  000647       C5C       0  CODE        2
                text7                          000647  00001A  000661       C8E       0  CODE        2
                text4                          000661  00001B  00067C       CC2       0  CODE        2
                text9                          00067C  00001D  000699       CF8       0  CODE        2
                maintext                       000699  000034  0006CD       D32       0  CODE        2
                text5                          0006CD  000036  000703       D9A       0  CODE        2
                text2                          000703  000049  00074C       E06       0  CODE        2
                text6                          00074C  00009C  0007E8       E98       0  CODE        2
                cinit                          0007E8  000018  000800       FD0       0  CODE        2


UNUSED ADDRESS RANGES

        Name                Unused          Largest block    Delta
        BANK0            0022-006F             4E           1
        BANK1            00A0-00EF             50           1
        BANK2            0110-016F             60           1
        BANK3            0190-01EF             60           1
        CODE             0003-05E7            5E5           2
                         0800-1FFF            800
        CONST            0003-05E7            100           2
                         0800-1FFF            100
        EEDATA           2100-21FF            100           2
        ENTRY            0003-05E7            100           2
                         0800-1FFF            100
        RAM              0022-006F             4E           1
                         00A0-00EF             50
                         0110-016F             60
                         0190-01EF             60
        SFR0             0000-001F             20           1
        SFR1             0080-009F             20           1
        SFR2             0100-010F             10           1
        SFR3             0180-018F             10           1
        STRCODE          0003-05E7            5E5           2
                         0800-1FFF           1800
        STRING           0003-05E7            100           2
                         0800-1FFF            100

                                  Symbol Table

I2C__Write@data            cstackCOMMON 0070
IO_Expander_Write@Data     cstackCOMMON 0071
LCD_CMD@CMD                cstackCOMMON 0075
LCD_Init@I2C_Add           cstackCOMMON 0079
LCD_Set_Cursor@COL         cstackCOMMON 0076
LCD_Set_Cursor@ROW         cstackCOMMON 0079
LCD_Write_4Bit@Nibble      cstackCOMMON 0073
LCD_Write_Char@Data        cstackCOMMON 0075
SpiSlave@i                 cstackCOMMON 0072
SpiSlave@temp              cstackCOMMON 0071
_ACKDT                     (abs)        048D
_ACKEN                     (abs)        048C
_ACKSTAT                   (abs)        048E
_BackLight_State           dataBANK0    0021
_I2C__Start                text12       05F2
_I2C__Stop                 text11       05FB
_I2C__Wait                 text13       0604
_I2C__Write                text10       061E
_IO_Expander_Write         text9        067C
_LCD_CMD                   text7        0647
_LCD_Init                  text6        074C
_LCD_Set_Cursor            text5        06CD
_LCD_Write_4Bit            text8        062E
_LCD_Write_Char            text4        0661
_LCD__Config               text3        0611
_PEN                       (abs)        048A
_RB0                       (abs)        0030
_RB1                       (abs)        0031
_RB2                       (abs)        0032
_RB3                       (abs)        0033
_RCEN                      (abs)        048B
_RS                        bssCOMMON    007A
_RSEN                      (abs)        0489
_SEN                       (abs)        0488
_SSPADD                    (abs)        0093
_SSPBUF                    (abs)        0013
_SSPCON                    (abs)        0014
_SSPCON2                   (abs)        0091
_SSPIF                     (abs)        0063
_SSPSTAT                   (abs)        0094
_SpiSlave                  text2        0703
_TRISB0                    (abs)        0430
_TRISB1                    (abs)        0431
_TRISB2                    (abs)        0432
_TRISB3                    (abs)        0433
_TRISC3                    (abs)        043B
_TRISC4                    (abs)        043C
__H__absolute__            __absolute__ 0000
__Habs1                    abs1         0000
__Hbank0                   bank0        0000
__Hbank1                   bank1        0000
__Hbank2                   bank2        0000
__Hbank3                   bank3        0000
__HbssCOMMON               bssCOMMON    0000
__Hcinit                   cinit        0800
__Hclrtext                 clrtext      0000
__Hcode                    code         0000
__Hcommon                  common       0000
__Hconfig                  config       2008
__HcstackCOMMON            cstackCOMMON 0000
__HdataBANK0               dataBANK0    0000
__HdataCOMMON              dataCOMMON   0000
__Heeprom_data             eeprom_data  0000
__Hend_init                end_init     0003
__Hfunctab                 functab      0000
__HidataBANK0              idataBANK0   0000
__HidataCOMMON             idataCOMMON  0000
__Hidloc                   idloc        2004
__Hinit                    init         0000
__Hintentry                intentry     0000
__Hmaintext                maintext     0000
__HnvBANK0                 nvBANK0      0000
__Hpowerup                 powerup      0000
__Hram                     ram          0000
__Hreset_vec               reset_vec    0000
__Hsfr0                    sfr0         0000
__Hsfr1                    sfr1         0000
__Hsfr2                    sfr2         0000
__Hsfr3                    sfr3         0000
__Hspace_0                 (abs)        0800
__Hspace_1                 (abs)        007E
__Hspace_2                 (abs)        0000
__Hspace_3                 (abs)        0000
__Hspace_4                 (abs)        400F
__Hstack                   stack        0000
__Hstrings                 strings      0000
__Htext                    text         0000
__L__absolute__            __absolute__ 0000
__Labs1                    abs1         0000
__Lbank0                   bank0        0000
__Lbank1                   bank1        0000
__Lbank2                   bank2        0000
__Lbank3                   bank3        0000
__LbssCOMMON               bssCOMMON    0000
__Lcinit                   cinit        07E8
__Lclrtext                 clrtext      0000
__Lcode                    code         0000
__Lcommon                  common       0000
__Lconfig                  config       0000
__LcstackCOMMON            cstackCOMMON 0000
__LdataBANK0               dataBANK0    0000
__LdataCOMMON              dataCOMMON   0000
__Leeprom_data             eeprom_data  0000
__Lend_init                end_init     0000
__Lfunctab                 functab      0000
__LidataBANK0              idataBANK0   0000
__LidataCOMMON             idataCOMMON  0000
__Lidloc                   idloc        0000
__Linit                    init         0000
__Lintentry                intentry     0000
__Lmaintext                maintext     0000
__LnvBANK0                 nvBANK0      0000
__Lpowerup                 powerup      0000
__Lram                     ram          0000
__Lreset_vec               reset_vec    0000
__Lsfr0                    sfr0         0000
__Lsfr1                    sfr1         0000
__Lsfr2                    sfr2         0000
__Lsfr3                    sfr3         0000
__Lspace_0                 (abs)        0000
__Lspace_1                 (abs)        0000
__Lspace_2                 (abs)        0000
__Lspace_3                 (abs)        0000
__Lspace_4                 (abs)        0000
__Lstack                   stack        0000
__Lstrings                 strings      0000
__Ltext                    text         0000
__S0                       (abs)        0800
__S1                       (abs)        007E
__S3                       (abs)        0000
___int_sp                  stack        0000
___latbits                 (abs)        0002
___sp                      stack        0000
___stackhi                 (abs)        0000
___stacklo                 (abs)        0000
__end_of_I2C__Start        text12       05FB
__end_of_I2C__Stop         text11       0604
__end_of_I2C__Wait         text13       0611
__end_of_I2C__Write        text10       062E
__end_of_IO_Expander_Write text9        0699
__end_of_LCD_CMD           text7        0661
__end_of_LCD_Init          text6        07E8
__end_of_LCD_Set_Cursor    text5        0703
__end_of_LCD_Write_4Bit    text8        0647
__end_of_LCD_Write_Char    text4        067C
__end_of_LCD__Config       text3        061E
__end_of_SpiSlave          text2        074C
__end_of__initialization   cinit        07FC
__end_of_config            text1        05F2
__end_of_main              maintext     06CD
__initialization           cinit        07E8
__pbssCOMMON               bssCOMMON    007A
__pcstackCOMMON            cstackCOMMON 0070
__pdataBANK0               dataBANK0    0021
__pdataCOMMON              dataCOMMON   007C
__pidataBANK0              idataBANK0   05E8
__pidataCOMMON             idataCOMMON  05E9
__pmaintext                maintext     0699
__pnvBANK0                 nvBANK0      0020
__ptext1                   text1        05EB
__ptext10                  text10       061E
__ptext11                  text11       05FB
__ptext12                  text12       05F2
__ptext13                  text13       0604
__ptext2                   text2        0703
__ptext3                   text3        0611
__ptext4                   text4        0661
__ptext5                   text5        06CD
__ptext6                   text6        074C
__ptext7                   text7        0647
__ptext8                   text8        062E
__ptext9                   text9        067C
_config                    text1        05EB
_dataReceive               bssCOMMON    007B
_dataTemp                  dataCOMMON   007C
_dataTrans                 dataCOMMON   007D
_i2c_add                   nvBANK0      0020
_main                      maintext     0699
btemp                      (abs)        007E
end_of_initialization      cinit        07FC
intlevel0                  functab      0000
intlevel1                  functab      0000
intlevel2                  functab      0000
intlevel3                  functab      0000
intlevel4                  functab      0000
intlevel5                  functab      0000
reset_vec                  reset_vec    0000
start                      init         0000
start_initialization       cinit        07E8
wtemp0                     (abs)        007E


MODULE INFORMATION

Module		Function		Class		Link	Load	Size
shared
		__initialization		CODE           	07E8	0000	20

shared estimated size: 20

main.c
		_SpiSlave      		CODE           	0703	0000	73
		_main          		CODE           	0699	0000	52
		_config        		CODE           	05EB	0000	7

main.c estimated size: 132

LCD.c
		_LCD_Init      		CODE           	074C	0000	156
		_LCD_Write_4Bit		CODE           	062E	0000	25
		_LCD_Write_Char		CODE           	0661	0000	27
		_LCD__Config   		CODE           	0611	0000	13
		_LCD_CMD       		CODE           	0647	0000	26
		_LCD_Set_Cursor		CODE           	06CD	0000	54
		_I2C__Stop     		CODE           	05FB	0000	9
		_I2C__Write    		CODE           	061E	0000	16
		_I2C__Start    		CODE           	05F2	0000	9
		_IO_Expander_Write		CODE           	067C	0000	29
		_I2C__Wait     		CODE           	0604	0000	13

LCD.c estimated size: 377

